wg0	ZkG2dvJSUq5ohkDFNWBqToaVSyk4Pp8/bULaf6yX+3N=	PQsbRs4w2fidQ7uhjgCypl5fc/804bHZbfl83gGvakN=	51820	off
wg0	rQFRAjRdx1aD8DnTFpkcBOY9Edjt3ZU7+P9HokZv7xe=	(none)	82.132.137.204:50024	10.10.0.2/32	1829439251	1536642	492320	off
wg0	A0fsnrwsv7S9hrk8yzCgOON9gKPYfpCrzqil4bPpxAE=	(none)	82.132.137.204:49732	10.10.0.3/32	1829439125	5641359	4206783	off
wg0	pkjVZR5VdfnSFhlWsqnkf+wv/eHGLHzOtKu8v2CvOD5=	(none)	(none)	10.10.0.4/32	0	0	0	off
wg0	hz0+KJRHJyXfDNjUnZ9LRAnShFFjZNTrW2jRbXjIazx=	(none)	180.255.226.203:21678	10.10.0.5/32	1829439243	1555523	544780	off
wg0	kujr4Z8eutQ8ebzFf33DLc3PNKrO3J+ZVy3jkrR1cUZ=	(none)	82.132.137.204:67130	10.10.0.6/32	0	0	0	off
wg0	XcgkMRmxhQiIgXowYqsxUt1SlwUydXJd4Zmi8dgGeYe=	(none)	180.255.226.203:56092	10.10.0.8/32	1829439121	1900247	1352639	off
wg0	tB9yFqLmyvcDD1rJ1rTgeKtKK98hdUL1jefMRt4XbDh=	(none)	82.132.137.204:60184	10.10.0.7/32	1829037182	75047	184725	off

