===========================================================================
Interface List
 28...........................Tailscale Tunnel
 12...00 1c 42 da 01 6a ......Parallels VirtIO Ethernet Adapter
  1...........................Software Loopback Interface 1
===========================================================================

IPv4 Route Table
===========================================================================
Active Routes:
Network Destination        Netmask          Gateway       Interface  Metric
          0.0.0.0          0.0.0.0      10.211.55.1      10.211.55.3     15
         10.0.0.0        255.0.0.0     192.168.22.1      10.211.55.3     16
         10.0.1.0    255.255.255.0     192.168.22.1      10.211.55.3     16
         10.0.3.0    255.255.255.0     192.168.22.1      10.211.55.3     16
         10.0.4.0    255.255.255.0     192.168.22.1      10.211.55.3     16
      10.211.55.0    255.255.255.0         On-link       10.211.55.3    271
      10.211.55.3  255.255.255.255         On-link       10.211.55.3    271
    10.211.55.255  255.255.255.255         On-link       10.211.55.3    271
        127.0.0.0        255.0.0.0         On-link         127.0.0.1    331
        127.0.0.1  255.255.255.255         On-link         127.0.0.1    331
  127.255.255.255  255.255.255.255         On-link         127.0.0.1    331
      169.254.0.0      255.255.0.0         On-link    169.254.83.107    261
   169.254.83.107  255.255.255.255         On-link    169.254.83.107    261
  169.254.255.255  255.255.255.255         On-link    169.254.83.107    261
        224.0.0.0        240.0.0.0         On-link         127.0.0.1    331
        224.0.0.0        240.0.0.0         On-link       10.211.55.3    271
  255.255.255.255  255.255.255.255         On-link         127.0.0.1    331
  255.255.255.255  255.255.255.255         On-link       10.211.55.3    271
===========================================================================
Persistent Routes:
  Network Address          Netmask  Gateway Address  Metric
         10.0.1.0    255.255.255.0     192.168.22.1       1
         10.0.3.0    255.255.255.0     192.168.22.1       1
         10.0.4.0    255.255.255.0     192.168.22.1       1
         10.0.0.0        255.0.0.0     192.168.22.1       1
===========================================================================

IPv6 Route Table
===========================================================================
Active Routes:
 If Metric Network Destination      Gateway
  1    331 ::1/128                  On-link
 12    271 2001:db8::/64            fe80::1
 12    271 fdb2:2c26:f4e4::/64      On-link
 12    271 fdb2:2c26:f4e4:0:670f:fec7:75b7:eb83/128
                                    On-link
 12    271 fdb2:2c26:f4e4:0:b4d5:8083:6ce6:37d/128
                                    On-link
 12    271 fe80::/64                On-link
 12    271 fe80::4abd:fa70:3d36:83fd/128
                                    On-link
  1    331 ff00::/8                 On-link
 12    271 ff00::/8                 On-link
===========================================================================
Persistent Routes:
 If Metric Network Destination      Gateway
  0 4294967295 2001:db8::/64            fe80::1
===========================================================================
