wg0     Xa4Bq8AUFrjKp+Z283VDzEUVeOOn2wX/uuLTMUkkJens=    mL2Co/VecYWtXSY6YUZAI6cAsFZDCEV+9iZKibNcWTu=    45321   off
wg0     bN9QoMEqlKUpncq0Q8ye9yURczKwmbXzwVsG7A+RV2B=    (none)  123.45.67.89:51820      0.0.0.0/0       0       0       1532    off
wg0     yJ3PoNAqlNUpmcq0P7xv8zURdyKwmbZwwUsG9B+SV3C=    kP2Lo/WfgVWtYSY7ZUZAJ7cBsEZECFV+8jYKidOcVTv=    53211   off
wg0     dQ5AoNAqpOUlncq0P9ze8xURayLwmbYwwVsH8C+TV4D=    (none)  203.0.113.4:51820       192.168.1.0/24  0       0       2001    off
wg0     pR6DoOBqmNUlncq0P1wq9zUSeyJwmbVxxWsF7D+RU5E=    qN2Mo/XghWWtXSY8YVZBK8cDsFZDCFQ+7kZKjbNcWTx=    67514   off
wg0     tA8AoPCqoPUlncq0P8xe7xUSayKwmbWxxVsG8E+UV6F=    (none)  198.51.100.15:51820     10.0.0.0/8      0       0       1403    off
wg0     zU9CoQCqmQUlncq0P4wo6yUTbyJwmbYyyWsF9F+SV7G=    vM2Ko/YigXWtYSY9YUZCJ9dCsGZECFV+5lZLjcOcVVy=    79812   off
wg0     xC7DoRDqnRUlncq0P2wq9yUScyKwmbXzyWsH8F+TU8H=    (none)  172.16.0.1:51820        172.16.0.0/16   0       0       1872    off
wg0     rE4AoSCqnSUlncq0P7wv9zURdyLwmbZxzWsG9G+UV9I=    fN2Oo/ZjhYUtXSZ0YUZDK8eDsFZDCFQ+4jYKjcNcVVw=    91114   off
