
Aliases for \\DESKTOP-WIN11-HOME

-------------------------------------------------------------------------------
*__vmware__
*Administrators
*Device Owners
*Distributed COM Users
*docker-users
*Event Log Readers
*Guests
*Hyper-V Administrators
*IIS_IUSRS
*Performance Log Users
*Performance Monitor Users
*Remote Management Users
*System Managed Accounts Group
*Users
The command completed successfully.