User accounts for \\DESKTOP-WIN11-HOME

-------------------------------------------------------------------------------
Administrator            user1                    DefaultAccount
Guest                    WDAGUtilityAccount
The command completed successfully.