
Aliases for \\WIN-SERVER8

-------------------------------------------------------------------------------
*Administrators
*Backup Operators
*Certificate Service DCOM Access
*Cryptographic Operators
*Distributed COM Users
*Event Log Readers
*Guests
*IIS_IUSRS
*Network Configuration Operators
*Performance Log Users
*Performance Monitor Users
*Power Users
*Print Operators
*Remote Desktop Users
*Replicator
*Users
The command completed successfully.