===========================================================================
Interface List
 11...00 0c 29 76 c8 d0 ......Intel(R) PRO/1000 MT Network Connection
  1...........................Software Loopback Interface 1
 12...00 00 00 00 00 00 00 e0 Microsoft ISATAP Adapter
===========================================================================

IPv4 Route Table
===========================================================================
Active Routes:
Network Destination        Netmask          Gateway       Interface  Metric
          0.0.0.0          0.0.0.0     192.168.23.1   192.168.23.154    266
        127.0.0.0        255.0.0.0         On-link         127.0.0.1    306
        127.0.0.1  255.255.255.255         On-link         127.0.0.1    306
  127.255.255.255  255.255.255.255         On-link         127.0.0.1    306
     192.168.23.0    255.255.255.0         On-link    192.168.23.154    266
   192.168.23.154  255.255.255.255         On-link    192.168.23.154    266
   192.168.23.255  255.255.255.255         On-link    192.168.23.154    266
        224.0.0.0        240.0.0.0         On-link         127.0.0.1    306
        224.0.0.0        240.0.0.0         On-link    192.168.23.154    266
  255.255.255.255  255.255.255.255         On-link         127.0.0.1    306
  255.255.255.255  255.255.255.255         On-link    192.168.23.154    266
===========================================================================
Persistent Routes:
  Network Address          Netmask  Gateway Address  Metric
          0.0.0.0          0.0.0.0     192.168.23.1  Default
===========================================================================

IPv6 Route Table
===========================================================================
Active Routes:
 If Metric Network Destination      Gateway
  1    306 ::1/128                  On-link
 11    266 fe80::/64                On-link
 11    266 fe80::9595:e8d9:b190:ecac/128
                                    On-link
  1    306 ff00::/8                 On-link
 11    266 ff00::/8                 On-link
===========================================================================
Persistent Routes:
  None