
User accounts for \\WIN-SERVER16

-------------------------------------------------------------------------------
Administrator            DefaultAccount           Guest
user1
The command completed successfully.