===========================================================================
Interface List
  2...00 0c 29 a1 38 2c ......Intel(R) 82574L Gigabit Network Connection
  1...........................Software Loopback Interface 1
  6...00 00 00 00 00 00 00 e0 Microsoft ISATAP Adapter #2
===========================================================================

IPv4 Route Table
===========================================================================
Active Routes:
Network Destination        Netmask          Gateway       Interface  Metric
          0.0.0.0          0.0.0.0     192.168.22.1   192.168.22.153    281
        127.0.0.0        255.0.0.0         On-link         127.0.0.1    331
        127.0.0.1  255.255.255.255         On-link         127.0.0.1    331
  127.255.255.255  255.255.255.255         On-link         127.0.0.1    331
     192.168.22.0    255.255.255.0         On-link    192.168.22.153    281
   192.168.22.153  255.255.255.255         On-link    192.168.22.153    281
   192.168.22.255  255.255.255.255         On-link    192.168.22.153    281
        224.0.0.0        240.0.0.0         On-link         127.0.0.1    331
        224.0.0.0        240.0.0.0         On-link    192.168.22.153    281
  255.255.255.255  255.255.255.255         On-link         127.0.0.1    331
  255.255.255.255  255.255.255.255         On-link    192.168.22.153    281
===========================================================================
Persistent Routes:
  Network Address          Netmask  Gateway Address  Metric
          0.0.0.0          0.0.0.0     192.168.22.1  Default
===========================================================================

IPv6 Route Table
===========================================================================
Active Routes:
 If Metric Network Destination      Gateway
  1    331 ::1/128                  On-link
  2    281 fe80::/64                On-link
  2    281 fe80::40c:2f5f:6658:9dc3/128
                                    On-link
  1    331 ff00::/8                 On-link
  2    281 ff00::/8                 On-link
===========================================================================
Persistent Routes:
  None