
User accounts for \\DESKTOP-WIN7

-------------------------------------------------------------------------------
Administrator            Guest                    user1
The command completed successfully.