===========================================================================
Interface List
 10...00 0c 29 86 1e 1f ......Intel(R) PRO/1000 MT Network Connection
  1...........................Software Loopback Interface 1
 11...00 00 00 00 00 00 00 e0 Microsoft ISATAP Adapter
===========================================================================

IPv4 Route Table
===========================================================================
Active Routes:
Network Destination        Netmask          Gateway       Interface  Metric
          0.0.0.0          0.0.0.0     192.168.22.1    192.168.22.33     10
        127.0.0.0        255.0.0.0         On-link         127.0.0.1    306
        127.0.0.1  255.255.255.255         On-link         127.0.0.1    306
  127.255.255.255  255.255.255.255         On-link         127.0.0.1    306
     192.168.22.0    255.255.255.0         On-link     192.168.22.33    266
    192.168.22.33  255.255.255.255         On-link     192.168.22.33    266
   192.168.22.255  255.255.255.255         On-link     192.168.22.33    266
        224.0.0.0        240.0.0.0         On-link         127.0.0.1    306
        224.0.0.0        240.0.0.0         On-link     192.168.22.33    266
  255.255.255.255  255.255.255.255         On-link         127.0.0.1    306
  255.255.255.255  255.255.255.255         On-link     192.168.22.33    266
===========================================================================
Persistent Routes:
  None

IPv6 Route Table
===========================================================================
Active Routes:
 If Metric Network Destination      Gateway
  1    306 ::1/128                  On-link
 10    266 fe80::/64                On-link
 10    266 fe80::c447:d1ef:c29f:c48c/128
                                    On-link
  1    306 ff00::/8                 On-link
 10    266 ff00::/8                 On-link
===========================================================================
Persistent Routes:
  None