Chain INPUT (policy ACCEPT)
target     prot opt source               destination
           udp  --  anywhere             anywhere

