zone:	sunet.se
	state: ok
	served-serial: "2023091302 since 2023-09-14T00:50:11"
	commit-serial: "2023091302 since 2023-09-14T07:04:05"
	wait: "27023 sec between attempts"
