/User/admin/Application Support/App.app:/User/admin/path