/Library/Application Support/Script Editor/Templates/Cocoa-AppleScript Applet.app/Contents/Info.plist