Name: setuptools
Version: 39.2.0
Summary: Easily download, build, install, upgrade, and uninstall Python packages
Home-page: https://github.com/pypa/setuptools
Author: Python Packaging Authority
Author-email: distutils-sig@python.org
License: UNKNOWN
Location: /usr/lib/python3.6/site-packages
Requires: 
Required-by: twine
---
Name: pkginfo
Version: 1.5.0.1
Summary: Query metadatdata from sdists / bdists / installed packages.
Home-page: https://code.launchpad.net/~tseaver/pkginfo/trunk
Author: Tres Seaver, Agendaless Consulting
Author-email: tseaver@agendaless.com
License: MIT
Location: /home/kbrazil/.local/lib/python3.6/site-packages
Requires: 
Required-by: twine
---
Name: cppy
Version: 1.2.1
Summary: UNKNOWN
Home-page: https://github.com/nucleic/cppy
Author: None
Author-email: The Nucleic Development Team <sccolbert@gmail.com>
License: 
        Copyright (c) 2014, Nucleic
        All rights reserved.        
        Redistribution and use in source and binary forms, with or without
        modification, are permitted provided that the following conditions are met:        
        * Redistributions of source code must retain the above copyright notice, this
          list of conditions and the following disclaimer.        
        * Redistributions in binary form must reproduce the above copyright notice,
          this list of conditions and the following disclaimer in the documentation
          and/or other materials provided with the distribution.        
        * Neither the name of the copyright holder nor the names of its
          contributors may be used to endorse or promote products derived from
          this software without specific prior written permission.        
        THIS SOFTWARE IS PROVIDED BY THE COPYRIGHT HOLDERS AND CONTRIBUTORS "AS IS"
        AND ANY EXPRESS OR IMPLIED WARRANTIES, INCLUDING, BUT NOT LIMITED TO, THE
        IMPLIED WARRANTIES OF MERCHANTABILITY AND FITNESS FOR A PARTICULAR PURPOSE ARE
        DISCLAIMED. IN NO EVENT SHALL THE COPYRIGHT HOLDER OR CONTRIBUTORS BE LIABLE
        FOR ANY DIRECT, INDIRECT, INCIDENTAL, SPECIAL, EXEMPLARY, OR CONSEQUENTIAL
        DAMAGES (INCLUDING, BUT NOT LIMITED TO, PROCUREMENT OF SUBSTITUTE GOODS OR
        SERVICES; LOSS OF USE, DATA, OR PROFITS; OR BUSINESS INTERRUPTION) HOWEVER
        CAUSED AND ON ANY THEORY OF LIABILITY, WHETHER IN CONTRACT, STRICT LIABILITY,
        OR TORT (INCLUDING NEGLIGENCE OR OTHERWISE) ARISING IN ANY WAY OUT OF THE USE
        OF THIS SOFTWARE, EVEN IF ADVISED OF THE POSSIBILITY OF SUCH DAMAGE.        
Location: /usr/home/bryder/.local/lib/python3.7/site-packages
Requires: 
Required-by: 
---
Name: six
Version: 1.12.0
Summary: Python 2 and 3 compatibility utilities
Home-page: https://github.com/benjaminp/six
Author: Benjamin Peterson
Author-email: benjamin@python.org
License: MIT
Location: /home/kbrazil/.local/lib/python3.6/site-packages
Requires: 
Required-by: readme-renderer, bleach
---
Name: cppy
Version: 1.2.1
Summary: UNKNOWN
Home-page: https://github.com/nucleic/cppy
Author: None
Author-email: The Nucleic Development Team <sccolbert@gmail.com>
License: 
        
        Copyright (c) 2014, Nucleic
        All rights reserved.        
        Redistribution and use in source and binary forms, with or without
        modification, are permitted provided that the following conditions are met:        
        * Redistributions of source code must retain the above copyright notice, this
          list of conditions and the following disclaimer.        
        * Redistributions in binary form must reproduce the above copyright notice,
          this list of conditions and the following disclaimer in the documentation
          and/or other materials provided with the distribution.        
        * Neither the name of the copyright holder nor the names of its
          contributors may be used to endorse or promote products derived from
          this software without specific prior written permission.        
        THIS SOFTWARE IS PROVIDED BY THE COPYRIGHT HOLDERS AND CONTRIBUTORS "AS IS"
        AND ANY EXPRESS OR IMPLIED WARRANTIES, INCLUDING, BUT NOT LIMITED TO, THE
        IMPLIED WARRANTIES OF MERCHANTABILITY AND FITNESS FOR A PARTICULAR PURPOSE ARE
        DISCLAIMED. IN NO EVENT SHALL THE COPYRIGHT HOLDER OR CONTRIBUTORS BE LIABLE
        FOR ANY DIRECT, INDIRECT, INCIDENTAL, SPECIAL, EXEMPLARY, OR CONSEQUENTIAL
        DAMAGES (INCLUDING, BUT NOT LIMITED TO, PROCUREMENT OF SUBSTITUTE GOODS OR
        SERVICES; LOSS OF USE, DATA, OR PROFITS; OR BUSINESS INTERRUPTION) HOWEVER
        CAUSED AND ON ANY THEORY OF LIABILITY, WHETHER IN CONTRACT, STRICT LIABILITY,
        OR TORT (INCLUDING NEGLIGENCE OR OTHERWISE) ARISING IN ANY WAY OUT OF THE USE
        OF THIS SOFTWARE, EVEN IF ADVISED OF THE POSSIBILITY OF SUCH DAMAGE.        
Location: /usr/home/bryder/.local/lib/python3.7/site-packages
Requires: 
Required-by: 
