NAME      TYPE SIZE USED PRIO UUID                                 LABEL
/swap.img file   2G   2M   -2 0918d27e-3907-471d-abb8-45fa49ae059c 
