1 extension(s)
--- com.apple.system_extension.network_extension (Go to 'System Settings > General > Login Items & Extensions > Network Extensions' to modify these system extension(s))
enabled	active	teamID	bundleID (version)	name	[state]
*	*	XXX	YYY (QQQ)	ZZZ	[activated enabled]