 Name       MAC address          Protocol     Address
-------------------------------------------------------------------------------
 vnet0      01:23:45:67:89:ab    ipv4         192.168.122.100/24
