--procs-- -----------------------memory---------------------- ---swap-- -----io---- -system-- --------cpu--------
   r    b         swpd         free         buff        cache   si   so    bi    bo   in   cs  us  sy  id  wa  st
   0    0            0      2430264      1011084     22658240    0    0     4     6    3    5   3   1  96   0   0

