Screen 0: minimum 320 x 200, current 1920 x 1080, maximum 16384 x 16384
eDP-1 connected primary 1920x1080+0+0 (normal left inverted right x axis y axis) 309mm x 174mm
	EDID:
		00ffffffffffff0006af3d5700000000
		001c0104a51f1178022285a5544d9a27
		0e505400000001010101010101010101
		010101010101b43780a070383e401010
		350035ae100000180000000f00000000
		00000000000000000020000000fe0041
		554f0a202020202020202020000000fe
		004231343048414e30352e37200a0070
	scaling mode: Full aspect
		supported: Full, Center, Full aspect
	Colorspace: Default
		supported: Default, RGB_Wide_Gamut_Fixed_Point, RGB_Wide_Gamut_Floating_Point, opRGB, DCI-P3_RGB_D65, BT2020_RGB, BT601_YCC, BT709_YCC, XVYCC_601, XVYCC_709, SYCC_601, opYCC_601, BT2020_CYCC, BT2020_YCC
	max bpc: 12
		range: (6, 12)
	Broadcast RGB: Automatic
		supported: Automatic, Full, Limited 16:235
	panel orientation: Normal
		supported: Normal, Upside Down, Left Side Up, Right Side Up
	link-status: Good
		supported: Good, Bad
	CTM: 0 1 0 0 0 0 0 0 0 1 0 0 0 0 0 0
		0 1
	CONNECTOR_ID: 95
		supported: 95
	non-desktop: 0
		range: (0, 1)
   1920x1080     60.03*+  60.01    59.97    59.96    59.93
   1680x1050     59.95    59.88
   1400x1050     59.98
   1600x900      59.99    59.94    59.95    59.82
   1280x1024     60.02
   1400x900      59.96    59.88
   1280x960      60.00
   1440x810      60.00    59.97
   1368x768      59.88    59.85
   1280x800      59.99    59.97    59.81    59.91
   1280x720      60.00    59.99    59.86    59.74
   1024x768      60.04    60.00
   960x720       60.00
   928x696       60.05
   896x672       60.01
   1024x576      59.95    59.96    59.90    59.82
   960x600       59.93    60.00
   960x540       59.96    59.99    59.63    59.82
   800x600       60.00    60.32    56.25
   840x525       60.01    59.88
   864x486       59.92    59.57
   700x525       59.98
   800x450       59.95    59.82
   640x512       60.02
   700x450       59.96    59.88
   640x480       60.00    59.94
   720x405       59.51    58.99
   684x384       59.88    59.85
   640x400       59.88    59.98
   640x360       59.86    59.83    59.84    59.32
   512x384       60.00
   512x288       60.00    59.92
   480x270       59.63    59.82
   400x300       60.32    56.34
   432x243       59.92    59.57
   320x240       60.05
   360x202       59.51    59.13
   320x180       59.84    59.32
DP-1 disconnected (normal left inverted right x axis y axis)
	HDCP Content Type: HDCP Type0
		supported: HDCP Type0, HDCP Type1
	Content Protection: Undesired
		supported: Undesired, Desired, Enabled
	Colorspace: Default
		supported: Default, RGB_Wide_Gamut_Fixed_Point, RGB_Wide_Gamut_Floating_Point, opRGB, DCI-P3_RGB_D65, BT2020_RGB, BT601_YCC, BT709_YCC, XVYCC_601, XVYCC_709, SYCC_601, opYCC_601, BT2020_CYCC, BT2020_YCC
	max bpc: 12
		range: (6, 12)
	Broadcast RGB: Automatic
		supported: Automatic, Full, Limited 16:235
	audio: auto
		supported: force-dvi, off, auto, on
	subconnector: Unknown
		supported: Unknown, VGA, DVI-D, HDMI, DP, Wireless, Native
	link-status: Good
		supported: Good, Bad
	CTM: 0 1 0 0 0 0 0 0 0 1 0 0 0 0 0 0
		0 1
	CONNECTOR_ID: 103
		supported: 103
	non-desktop: 0
		range: (0, 1)
HDMI-1 disconnected (normal left inverted right x axis y axis)
	HDCP Content Type: HDCP Type0
		supported: HDCP Type0, HDCP Type1
	Content Protection: Undesired
		supported: Undesired, Desired, Enabled
	max bpc: 12
		range: (8, 12)
	content type: No Data
		supported: No Data, Graphics, Photo, Cinema, Game
	Colorspace: Default
		supported: Default, SMPTE_170M_YCC, BT709_YCC, XVYCC_601, XVYCC_709, SYCC_601, opYCC_601, opRGB, BT2020_CYCC, BT2020_RGB, BT2020_YCC, DCI-P3_RGB_D65, DCI-P3_RGB_Theater
	aspect ratio: Automatic
		supported: Automatic, 4:3, 16:9
	Broadcast RGB: Automatic
		supported: Automatic, Full, Limited 16:235
	audio: auto
		supported: force-dvi, off, auto, on
	link-status: Good
		supported: Good, Bad
	CTM: 0 1 0 0 0 0 0 0 0 1 0 0 0 0 0 0
		0 1
	CONNECTOR_ID: 113
		supported: 113
	non-desktop: 0
		range: (0, 1)
DP-2 disconnected (normal left inverted right x axis y axis)
	HDCP Content Type: HDCP Type0
		supported: HDCP Type0, HDCP Type1
	Content Protection: Undesired
		supported: Undesired, Desired, Enabled
	Colorspace: Default
		supported: Default, RGB_Wide_Gamut_Fixed_Point, RGB_Wide_Gamut_Floating_Point, opRGB, DCI-P3_RGB_D65, BT2020_RGB, BT601_YCC, BT709_YCC, XVYCC_601, XVYCC_709, SYCC_601, opYCC_601, BT2020_CYCC, BT2020_YCC
	max bpc: 12
		range: (6, 12)
	Broadcast RGB: Automatic
		supported: Automatic, Full, Limited 16:235
	audio: auto
		supported: force-dvi, off, auto, on
	subconnector: Unknown
		supported: Unknown, VGA, DVI-D, HDMI, DP, Wireless, Native
	link-status: Good
		supported: Good, Bad
	CTM: 0 1 0 0 0 0 0 0 0 1 0 0 0 0 0 0
		0 1
	CONNECTOR_ID: 119
		supported: 119
	non-desktop: 0
		range: (0, 1)
