
User accounts for \\DESKTOP-WINXP

-------------------------------------------------------------------------------
Administrator            Guest                    SUPPORT_3556336b0
The command completed successfully.